Windows PowerShell
Copyright (C) Microsoft Corporation. All rights reserved.

Install the latest PowerShell for new features and improvements! https://aka.ms/PSWindows

PS C:\Users\10839967\Downloads> ssh -i "new_gitty_key.pem" ec2-user@ec2-3-222-185-158.compute-1.amazonaws.com
   ,     #_
   ~\_  ####_        Amazon Linux 2023
  ~~  \_#####\
  ~~     \###|
  ~~       \#/ ___   https://aws.amazon.com/linux/amazon-linux-2023
   ~~       V~' '->
    ~~~         /
      ~~._.   _/
         _/ _/
       _/m/'
Last login: Wed Aug 13 17:25:50 2025 from 103.175.135.131
[ec2-user@gitty ~]$ sudo su -
Last login: Wed Aug 13 17:26:00 UTC 2025 on pts/1
[root@gitty ~]# hostnamectl set-hostname reemu.html
[root@gitty ~]# bash
[root@reemu ~]# mkdir reema
[root@reemu ~]# cd reema
[root@reemu reema]# yum update git -y
Last metadata expiration check: 1:08:38 ago on Wed Aug 13 16:23:08 2025.
Dependencies resolved.
Nothing to do.
Complete!
[root@reemu reema]# yum install git -y
Last metadata expiration check: 1:08:50 ago on Wed Aug 13 16:23:08 2025.
Package git-2.50.1-1.amzn2023.0.1.x86_64 is already installed.
Dependencies resolved.
Nothing to do.
Complete!
[root@reemu reema]# git init
hint: Using 'master' as the name for the initial branch. This default branch name
hint: is subject to change. To configure the initial branch name to use in all
hint: of your new repositories, which will suppress this warning, call:
hint:
hint:   git config --global init.defaultBranch <name>
hint:
hint: Names commonly chosen instead of 'master' are 'main', 'trunk' and
hint: 'development'. The just-created branch can be renamed via this command:
hint:
hint:   git branch -m <name>
hint:
hint: Disable this message with "git config set advice.defaultBranchName false"
Initialized empty Git repository in /root/reema/.git/
[root@reemu reema]# cat > dona.txt
i love devops
^C
[root@reemu reema]# cat dona.txt
i love devops
[root@reemu reema]# git status
On branch master

No commits yet

Untracked files:
  (use "git add <file>..." to include in what will be committed)
        dona.txt

nothing added to commit but untracked files present (use "git add" to track)
[root@reemu reema]# git add .
[root@reemu reema]# git status
On branch master

No commits yet

Changes to be committed:
  (use "git rm --cached <file>..." to unstage)
        new file:   dona.txt

[root@reemu reema]# git commit -m"my job"
[master (root-commit) 7bec86a] my job
 Committer: root <root@reemu.html>
Your name and email address were configured automatically based
on your username and hostname. Please check that they are accurate.
You can suppress this message by setting them explicitly. Run the
following command and follow the instructions in your editor to edit
your configuration file:

    git config --global --edit

After doing this, you may fix the identity used for this commit with:

    git commit --amend --reset-author

 1 file changed, 1 insertion(+)
 create mode 100644 dona.txt
[root@reemu reema]# git remote add origin git@github.com:Reema-Mandal/Mine.git
[root@reemu reema]# git remote -v
origin  git@github.com:Reema-Mandal/Mine.git (fetch)
origin  git@github.com:Reema-Mandal/Mine.git (push)
[root@reemu reema]# ssh-keygen
Generating public/private rsa key pair.
Enter file in which to save the key (/root/.ssh/id_rsa):
Enter passphrase (empty for no passphrase):
Enter same passphrase again:
Your identification has been saved in /root/.ssh/id_rsa
Your public key has been saved in /root/.ssh/id_rsa.pub
The key fingerprint is:
SHA256:QPE5SWBzdWNqcTJa4572I8d0EcqO91jaG7B+NoqsxzI root@reemu.html
The key's randomart image is:
+---[RSA 3072]----+
|      *oo.B = .  |
|     o = * @ o . |
|      . * + o .  |
|       . + +   . |
|        S = = o  |
|         . = X   |
|         .. O +  |
|        E.o= .+o |
|        .=o o+.. |
+----[SHA256]-----+
[root@reemu reema]# git branch
* master
[root@reemu reema]# cd ..
[root@reemu ~]# cd .ssh
[root@reemu .ssh]# cat id_rsa.pub
ssh-rsa AAAAB3NzaC1yc2EAAAADAQABAAABgQCmzVJ+D/NG+mdd1lUSMr6QOVh7K+YYApggXHkehlKmjhrSucWstuSwjzwaAydwFYhGAHMapkhHvnNIzUuRFYqSH1WNdXjzppuC7kEIT4wnJ7H4j3dMVhylsOpFIH82bG2W3Ze/kPRsu2/vypFo33CbLQOzBjkjiehcEt0caIvk21USRVjxwr8dOjKYAXYe3q7BATCd9d6hoWp8y28dvA1AWUMKc+oFTLJpTZ7Tb65Dyp/fpOQkiWF5AMth9n/X4F1AFRhstqEgIoCT7AXvrAgcXWOcHLPF4dQlR+FrgkpZFEmEr1iwN/Jbx6OPmoULz0+bI0ir66NCSC9tBrLSO/jLYf9ydba+WLLrR0vdFpXDws48SYgijk/W6k6xoksrBFOy3ptx5ZGLgf8xFBUx6WEMdjE42osgp/SPV7DPLbT0xtJOwjukd/IZ3vr2TiBL3MVXQUwwJtpmj4XrPkePof/O+voMsxIXvovuWp+1wADzfZR5Mf5yPkYQTu/xK2B+FJ0= root@reemu.html
[root@reemu .ssh]# cd ..

[root@reemu ~]# cd reema
[root@reemu reema]# git push origin master
// after we get the ssh key we have to create a new repo in github and paste the key in ssh key section

[root@reemu reema]# git push origin master
Enumerating objects: 3, done.
Counting objects: 100% (3/3), done.
Writing objects: 100% (3/3), 214 bytes | 214.00 KiB/s, done.
Total 3 (delta 0), reused 0 (delta 0), pack-reused 0 (from 0)
To github.com:Reema-Mandal/Mine.git
 * [new branch]      master -> master
[root@reemu reema]#
